// Jest Snapshot v1, https://goo.gl/fbAQLP

exports[`BetComponent should render with given props 1`] = `ShallowWrapper {}`;
